// Jest Snapshot v1, https://goo.gl/fbAQLP

exports[`JobDetails matches snapshot 1`] = `
Array [
  <div
    className="MuiPaper-root MuiCard-root MuiPaper-elevation1 MuiPaper-rounded"
  >
    <div
      className="MuiCardContent-root"
    >
      <div
        className="MuiGrid-root MuiGrid-container MuiGrid-spacing-xs-5 MuiGrid-justify-xs-center"
      >
        <div
          className="MuiGrid-root MuiGrid-container MuiGrid-item MuiGrid-grid-sm-5 MuiGrid-grid-md-7"
        >
          <div
            className="MuiGrid-root MuiGrid-item MuiGrid-grid-xs-4"
          >
            <h3
              className="job-details__label"
            >
              Last Location:
            </h3>
          </div>
          <div
            className="MuiGrid-root MuiGrid-item MuiGrid-grid-xs-8"
          >
            <p
              className="app__text-cursor"
              data-testid="job-details__value-location"
            >
              No location
            </p>
          </div>
          <div
            className="MuiGrid-root MuiGrid-item MuiGrid-grid-xs-4"
          >
            <h3
              className="job-details__label"
            >
              Start Time:
            </h3>
          </div>
          <div
            className="MuiGrid-root MuiGrid-item MuiGrid-grid-xs-8"
          >
            <p
              className="app__text-cursor"
              data-testid="job-details__value-starttime"
            >
              17 Oct 2020 - 20:52:59 PM
            </p>
          </div>
          <div
            className="MuiGrid-root MuiGrid-item MuiGrid-grid-xs-4"
          >
            <h3
              className="job-details__label"
            >
              End Time:
            </h3>
          </div>
          <div
            className="MuiGrid-root MuiGrid-item MuiGrid-grid-xs-8"
          >
            <p
              className="app__text-cursor"
              data-testid="job-details__value-endtime"
            >
              17 Oct 2020 - 20:52:59 PM
            </p>
          </div>
          <div
            className="MuiGrid-root MuiGrid-item MuiGrid-grid-xs-12"
          >
            <h3
              className="job-details__label"
            >
              Contractor Information:
            </h3>
            <div
              className="contractor__card-width"
            >
              <div
                className="MuiPaper-root MuiCard-root MuiPaper-elevation1 MuiPaper-rounded"
              >
                <div
                  className="MuiCardContent-root contractor__card-wrapper"
                >
                  <h1
                    className="MuiTypography-root MuiTypography-body1 MuiTypography-colorTextPrimary"
                  >
                    <span
                      className="contractor_name"
                    >
                      I am a real person
                    </span>
                  </h1>
                  <p
                    className="MuiTypography-root MuiTypography-caption"
                  >
                    from 
                    <span
                      className="contractor__company-name"
                    >
                      This is a real company
                    </span>
                  </p>
                  <p
                    className="MuiTypography-root MuiTypography-body2"
                  >
                    Mobile number: 
                    69696969
                  </p>
                </div>
              </div>
            </div>
          </div>
        </div>
        <div
          className="MuiGrid-root MuiGrid-item MuiGrid-grid-sm-7 MuiGrid-grid-md-5"
        >
          <div
            className="MuiPaper-root MuiCard-root job-details__full-length-height MuiPaper-elevation1 MuiPaper-rounded"
          >
            <div
              className="job-details__mapholder"
            >
              <p
                className="job-location__no-data-message app__no-data-message"
              >
                No Location Data Available
              </p>
            </div>
          </div>
        </div>
      </div>
    </div>
  </div>,
  <br />,
]
`;
