// Jest Snapshot v1, https://goo.gl/fbAQLP

exports[`Navbar matches snapshot 1`] = `
Array [
  <div
    className="MuiPaper-root navbar__wrapper MuiPaper-elevation1"
  >
    <span
      className="navbar__app-label"
    >
      <img
        alt="trackee icon"
        className="navbar__app-icon"
        src="/image/headerLogo.png"
      />
    </span>
    <div
      className="MuiTabs-root"
    >
      <div
        className="MuiTabs-scroller MuiTabs-fixed"
        onScroll={[Function]}
        style={
          Object {
            "marginBottom": null,
            "overflow": "hidden",
          }
        }
      >
        <div
          className="MuiTabs-flexContainer"
          onKeyDown={[Function]}
          role="tablist"
        >
          <button
            aria-selected={true}
            className="MuiButtonBase-root MuiTab-root MuiTab-textColorPrimary navbar__nav-link Mui-disabled Mui-selected Mui-disabled"
            disabled={true}
            onBlur={[Function]}
            onClick={[Function]}
            onDragLeave={[Function]}
            onFocus={[Function]}
            onKeyDown={[Function]}
            onKeyUp={[Function]}
            onMouseDown={[Function]}
            onMouseLeave={[Function]}
            onMouseUp={[Function]}
            onTouchEnd={[Function]}
            onTouchMove={[Function]}
            onTouchStart={[Function]}
            role="tab"
            tabIndex={-1}
            type="button"
          >
            <span
              className="MuiTab-wrapper"
            >
              Home
            </span>
            <span
              className="PrivateTabIndicator-root-1 PrivateTabIndicator-colorPrimary-2 MuiTabs-indicator"
              style={Object {}}
            />
          </button>
          <button
            aria-selected={false}
            className="MuiButtonBase-root MuiTab-root MuiTab-textColorPrimary navbar__nav-link Mui-disabled Mui-disabled"
            disabled={true}
            onBlur={[Function]}
            onClick={[Function]}
            onDragLeave={[Function]}
            onFocus={[Function]}
            onKeyDown={[Function]}
            onKeyUp={[Function]}
            onMouseDown={[Function]}
            onMouseLeave={[Function]}
            onMouseUp={[Function]}
            onTouchEnd={[Function]}
            onTouchMove={[Function]}
            onTouchStart={[Function]}
            role="tab"
            tabIndex={-1}
            type="button"
          >
            <span
              className="MuiTab-wrapper"
            >
              Profile
            </span>
          </button>
        </div>
      </div>
    </div>
    <span
      className="navbar__signout"
    >
      <button
        className="MuiButtonBase-root MuiButton-root MuiButton-text Mui-disabled Mui-disabled"
        disabled={true}
        onBlur={[Function]}
        onClick={[Function]}
        onDragLeave={[Function]}
        onFocus={[Function]}
        onKeyDown={[Function]}
        onKeyUp={[Function]}
        onMouseDown={[Function]}
        onMouseLeave={[Function]}
        onMouseUp={[Function]}
        onTouchEnd={[Function]}
        onTouchMove={[Function]}
        onTouchStart={[Function]}
        tabIndex={-1}
        type="button"
      >
        <span
          className="MuiButton-label"
        >
          Logout
        </span>
      </button>
    </span>
  </div>,
  <div />,
]
`;
