// Jest Snapshot v1, https://goo.gl/fbAQLP

exports[`JobRow matches snapshot 1`] = `
<tr
  className="MuiTableRow-root job-row__row"
  role={null}
>
  <td
    aria-sort={null}
    className="MuiTableCell-root MuiTableCell-alignLeft"
  >
    <button
      aria-describedby={null}
      className="MuiButtonBase-root MuiButton-root MuiButton-text job-row__id_btn"
      disabled={false}
      onBlur={[Function]}
      onClick={[Function]}
      onDragLeave={[Function]}
      onFocus={[Function]}
      onKeyDown={[Function]}
      onKeyUp={[Function]}
      onMouseDown={[Function]}
      onMouseLeave={[Function]}
      onMouseOver={[Function]}
      onMouseUp={[Function]}
      onTouchEnd={[Function]}
      onTouchMove={[Function]}
      onTouchStart={[Function]}
      style={
        Object {
          "textTransform": "none",
        }
      }
      tabIndex={0}
      title="test id"
      type="button"
    >
      <span
        className="MuiButton-label"
      >
        <span
          className="job-row__id_string"
        >
          test id
        </span>
      </span>
      <span
        className="MuiTouchRipple-root"
      />
    </button>
  </td>
  <td
    aria-sort={null}
    className="MuiTableCell-root MuiTableCell-alignLeft"
  >
    <span
      className="app__text-cursor"
    >
       - 
    </span>
  </td>
  <td
    aria-sort={null}
    className="MuiTableCell-root MuiTableCell-alignLeft"
  >
    <span
      className="app__text-cursor job-row__cell-no-wrap"
    >
      1 Jan - 07:30 AM
    </span>
  </td>
  <td
    aria-sort={null}
    className="MuiTableCell-root MuiTableCell-alignLeft"
  >
    <span
      className="app__text-cursor job-row__cell-no-wrap"
    >
      1 Jan - 07:30 AM
    </span>
  </td>
  <td
    aria-sort={null}
    className="MuiTableCell-root MuiTableCell-alignLeft"
  >
    <span
      className="app__text-cursor"
    >
      imma real contractor
    </span>
  </td>
  <td
    aria-sort={null}
    className="MuiTableCell-root MuiTableCell-alignLeft"
  >
    <span
      className="app__text-cursor"
    >
      imma real company
    </span>
  </td>
  <td
    aria-sort={null}
    className="MuiTableCell-root MuiTableCell-alignLeft"
  >
    <span
      className="app__text-cursor job-row__cell-no-wrap"
    >
      69696969
    </span>
  </td>
  <td
    aria-sort={null}
    className="MuiTableCell-root MuiTableCell-alignCenter"
  >
    <span
      className="job-row__status-inprogress app__text-cursor job-row__cell-no-wrap"
    >
      completed
    </span>
  </td>
  <td
    aria-sort={null}
    className="MuiTableCell-root MuiTableCell-alignLeft"
  >
    <button
      className="MuiButtonBase-root MuiButton-root MuiButton-contained MuiButton-containedPrimary MuiButton-containedSizeSmall MuiButton-sizeSmall"
      disabled={false}
      onBlur={[Function]}
      onClick={[Function]}
      onDragLeave={[Function]}
      onFocus={[Function]}
      onKeyDown={[Function]}
      onKeyUp={[Function]}
      onMouseDown={[Function]}
      onMouseLeave={[Function]}
      onMouseUp={[Function]}
      onTouchEnd={[Function]}
      onTouchMove={[Function]}
      onTouchStart={[Function]}
      tabIndex={0}
      type="button"
    >
      <span
        className="MuiButton-label"
      >
        View
      </span>
      <span
        className="MuiTouchRipple-root"
      />
    </button>
  </td>
</tr>
`;
